ðŸ“Š Uso de memoria RAM: 33.23%
               total        used        free      shared  buff/cache   available
Mem:            14Gi       5.0Gi       2.4Gi        41Mi       8.0Gi         9Gi
Swap:          8.0Gi          0B       8.0Gi
ðŸ“ˆ Uso de CPU: 5.4%
%Cpu(s):  0.7 us,  1.4 sy,  0.0 ni, 96.6 id,  0.0 wa,  0.7 hi,  0.7 si,  0.0 st 
ðŸ’¾ Espacio disponible en disco:
Filesystem      Size  Used Avail Use% Mounted on
/dev/sda5       175G   19G  155G  11% /
devtmpfs        4.0M     0  4.0M   0% /dev
tmpfs           7.5G   15M  7.5G   1% /dev/shm
efivarfs        148K  105K   39K  74% /sys/firmware/efi/efivars
tmpfs           3.0G  2.1M  3.0G   1% /run
tmpfs           1.0M     0  1.0M   0% /run/credentials/systemd-journald.service
tmpfs           1.0M     0  1.0M   0% /run/credentials/systemd-network-generator.service
tmpfs           1.0M     0  1.0M   0% /run/credentials/systemd-udev-load-credentials.service
tmpfs           1.0M     0  1.0M   0% /run/credentials/systemd-tmpfiles-setup-dev-early.service
tmpfs           1.0M     0  1.0M   0% /run/credentials/systemd-sysctl.service
tmpfs           1.0M     0  1.0M   0% /run/credentials/systemd-tmpfiles-setup-dev.service
tmpfs           1.0M     0  1.0M   0% /run/credentials/systemd-vconsole-setup.service
tmpfs           7.5G  3.4M  7.5G   1% /tmp
/dev/sda5       175G   19G  155G  11% /home
/dev/sda4       974M  341M  566M  38% /boot
/dev/sda2       1.1G   25M  1.1G   3% /boot/efi
tmpfs           1.0M     0  1.0M   0% /run/credentials/systemd-tmpfiles-setup.service
tmpfs           1.0M     0  1.0M   0% /run/credentials/systemd-resolved.service
tmpfs           1.5G  256K  1.5G   1% /run/user/1000
ðŸ’¾ Espacio disponible en disco:
Filesystem      Size  Used Avail Use% Mounted on
/dev/sda5       175G   19G  155G  11% /
devtmpfs        4.0M     0  4.0M   0% /dev
tmpfs           7.5G   15M  7.5G   1% /dev/shm
efivarfs        148K  105K   39K  74% /sys/firmware/efi/efivars
tmpfs           3.0G  2.1M  3.0G   1% /run
tmpfs           1.0M     0  1.0M   0% /run/credentials/systemd-journald.service
tmpfs           1.0M     0  1.0M   0% /run/credentials/systemd-network-generator.service
tmpfs           1.0M     0  1.0M   0% /run/credentials/systemd-udev-load-credentials.service
tmpfs           1.0M     0  1.0M   0% /run/credentials/systemd-tmpfiles-setup-dev-early.service
tmpfs           1.0M     0  1.0M   0% /run/credentials/systemd-sysctl.service
tmpfs           1.0M     0  1.0M   0% /run/credentials/systemd-tmpfiles-setup-dev.service
tmpfs           1.0M     0  1.0M   0% /run/credentials/systemd-vconsole-setup.service
tmpfs           7.5G  3.4M  7.5G   1% /tmp
/dev/sda5       175G   19G  155G  11% /home
/dev/sda4       974M  341M  566M  38% /boot
/dev/sda2       1.1G   25M  1.1G   3% /boot/efi
tmpfs           1.0M     0  1.0M   0% /run/credentials/systemd-tmpfiles-setup.service
tmpfs           1.0M     0  1.0M   0% /run/credentials/systemd-resolved.service
tmpfs           1.5G  256K  1.5G   1% /run/user/1000
ðŸ’¾ Espacio disponible en disco:
 155G
